Archive member included to satisfy reference by file (symbol)

C:/Users/pc/Documents/STM32CubeIDE_1.19.0/STM32CubeIDE/plugins/com.st.stm32cube.ide.mcu.externaltools.gnu-tools-for-stm32.13.3.rel1.win32_1.0.0.202411081344/tools/bin/../lib/gcc/arm-none-eabi/13.3.1/../../../../arm-none-eabi/lib/thumb/v7e-m+fp/hard\libc_nano.a(libc_a-exit.o)
                              C:/Users/pc/Documents/STM32CubeIDE_1.19.0/STM32CubeIDE/plugins/com.st.stm32cube.ide.mcu.externaltools.gnu-tools-for-stm32.13.3.rel1.win32_1.0.0.202411081344/tools/bin/../lib/gcc/arm-none-eabi/13.3.1/../../../../arm-none-eabi/lib/thumb/v7e-m+fp/hard/crt0.o (exit)
C:/Users/pc/Documents/STM32CubeIDE_1.19.0/STM32CubeIDE/plugins/com.st.stm32cube.ide.mcu.externaltools.gnu-tools-for-stm32.13.3.rel1.win32_1.0.0.202411081344/tools/bin/../lib/gcc/arm-none-eabi/13.3.1/../../../../arm-none-eabi/lib/thumb/v7e-m+fp/hard\libc_nano.a(libc_a-findfp.o)
                              C:/Users/pc/Documents/STM32CubeIDE_1.19.0/STM32CubeIDE/plugins/com.st.stm32cube.ide.mcu.externaltools.gnu-tools-for-stm32.13.3.rel1.win32_1.0.0.202411081344/tools/bin/../lib/gcc/arm-none-eabi/13.3.1/../../../../arm-none-eabi/lib/thumb/v7e-m+fp/hard\libc_nano.a(libc_a-exit.o) (__stdio_exit_handler)
C:/Users/pc/Documents/STM32CubeIDE_1.19.0/STM32CubeIDE/plugins/com.st.stm32cube.ide.mcu.externaltools.gnu-tools-for-stm32.13.3.rel1.win32_1.0.0.202411081344/tools/bin/../lib/gcc/arm-none-eabi/13.3.1/../../../../arm-none-eabi/lib/thumb/v7e-m+fp/hard\libc_nano.a(libc_a-fwalk.o)
                              C:/Users/pc/Documents/STM32CubeIDE_1.19.0/STM32CubeIDE/plugins/com.st.stm32cube.ide.mcu.externaltools.gnu-tools-for-stm32.13.3.rel1.win32_1.0.0.202411081344/tools/bin/../lib/gcc/arm-none-eabi/13.3.1/../../../../arm-none-eabi/lib/thumb/v7e-m+fp/hard\libc_nano.a(libc_a-findfp.o) (_fwalk_sglue)
C:/Users/pc/Documents/STM32CubeIDE_1.19.0/STM32CubeIDE/plugins/com.st.stm32cube.ide.mcu.externaltools.gnu-tools-for-stm32.13.3.rel1.win32_1.0.0.202411081344/tools/bin/../lib/gcc/arm-none-eabi/13.3.1/../../../../arm-none-eabi/lib/thumb/v7e-m+fp/hard\libc_nano.a(libc_a-stdio.o)
                              C:/Users/pc/Documents/STM32CubeIDE_1.19.0/STM32CubeIDE/plugins/com.st.stm32cube.ide.mcu.externaltools.gnu-tools-for-stm32.13.3.rel1.win32_1.0.0.202411081344/tools/bin/../lib/gcc/arm-none-eabi/13.3.1/../../../../arm-none-eabi/lib/thumb/v7e-m+fp/hard\libc_nano.a(libc_a-findfp.o) (__sread)
C:/Users/pc/Documents/STM32CubeIDE_1.19.0/STM32CubeIDE/plugins/com.st.stm32cube.ide.mcu.externaltools.gnu-tools-for-stm32.13.3.rel1.win32_1.0.0.202411081344/tools/bin/../lib/gcc/arm-none-eabi/13.3.1/../../../../arm-none-eabi/lib/thumb/v7e-m+fp/hard\libc_nano.a(libc_a-memset.o)
                              C:/Users/pc/Documents/STM32CubeIDE_1.19.0/STM32CubeIDE/plugins/com.st.stm32cube.ide.mcu.externaltools.gnu-tools-for-stm32.13.3.rel1.win32_1.0.0.202411081344/tools/bin/../lib/gcc/arm-none-eabi/13.3.1/../../../../arm-none-eabi/lib/thumb/v7e-m+fp/hard/crt0.o (memset)
C:/Users/pc/Documents/STM32CubeIDE_1.19.0/STM32CubeIDE/plugins/com.st.stm32cube.ide.mcu.externaltools.gnu-tools-for-stm32.13.3.rel1.win32_1.0.0.202411081344/tools/bin/../lib/gcc/arm-none-eabi/13.3.1/../../../../arm-none-eabi/lib/thumb/v7e-m+fp/hard\libc_nano.a(libc_a-closer.o)
                              C:/Users/pc/Documents/STM32CubeIDE_1.19.0/STM32CubeIDE/plugins/com.st.stm32cube.ide.mcu.externaltools.gnu-tools-for-stm32.13.3.rel1.win32_1.0.0.202411081344/tools/bin/../lib/gcc/arm-none-eabi/13.3.1/../../../../arm-none-eabi/lib/thumb/v7e-m+fp/hard\libc_nano.a(libc_a-stdio.o) (_close_r)
C:/Users/pc/Documents/STM32CubeIDE_1.19.0/STM32CubeIDE/plugins/com.st.stm32cube.ide.mcu.externaltools.gnu-tools-for-stm32.13.3.rel1.win32_1.0.0.202411081344/tools/bin/../lib/gcc/arm-none-eabi/13.3.1/../../../../arm-none-eabi/lib/thumb/v7e-m+fp/hard\libc_nano.a(libc_a-reent.o)
                              C:/Users/pc/Documents/STM32CubeIDE_1.19.0/STM32CubeIDE/plugins/com.st.stm32cube.ide.mcu.externaltools.gnu-tools-for-stm32.13.3.rel1.win32_1.0.0.202411081344/tools/bin/../lib/gcc/arm-none-eabi/13.3.1/../../../../arm-none-eabi/lib/thumb/v7e-m+fp/hard\libc_nano.a(libc_a-closer.o) (errno)
C:/Users/pc/Documents/STM32CubeIDE_1.19.0/STM32CubeIDE/plugins/com.st.stm32cube.ide.mcu.externaltools.gnu-tools-for-stm32.13.3.rel1.win32_1.0.0.202411081344/tools/bin/../lib/gcc/arm-none-eabi/13.3.1/../../../../arm-none-eabi/lib/thumb/v7e-m+fp/hard\libc_nano.a(libc_a-impure.o)
                              C:/Users/pc/Documents/STM32CubeIDE_1.19.0/STM32CubeIDE/plugins/com.st.stm32cube.ide.mcu.externaltools.gnu-tools-for-stm32.13.3.rel1.win32_1.0.0.202411081344/tools/bin/../lib/gcc/arm-none-eabi/13.3.1/../../../../arm-none-eabi/lib/thumb/v7e-m+fp/hard\libc_nano.a(libc_a-reent.o) (_impure_ptr)
[...]
Memory Configuration

Name             Origin             Length             Attributes
RAM              0x20000000         0x00020000         xrw
FLASH            0x08000000         0x00080000         xr
*default*        0x00000000         0xffffffff

Linker script and memory map

LOAD C:/Users/pc/Documents/STM32CubeIDE_1.19.0/STM32CubeIDE/plugins/com.st.stm32cube.ide.mcu.externaltools.gnu-tools-for-stm32.13.3.rel1.win32_1.0.0.202411081344/tools/bin/../lib/gcc/arm-none-eabi/13.3.1/thumb/v7e-m+fp/hard/crti.o
LOAD C:/Users/pc/Documents/STM32CubeIDE_1.19.0/STM32CubeIDE/plugins/com.st.stm32cube.ide.mcu.externaltools.gnu-tools-for-stm32.13.3.rel1.win32_1.0.0.202411081344/tools/bin/../lib/gcc/arm-none-eabi/13.3.1/thumb/v7e-m+fp/hard/crtbegin.o
LOAD C:/Users/pc/Documents/STM32CubeIDE_1.19.0/STM32CubeIDE/plugins/com.st.stm32cube.ide.mcu.externaltools.gnu-tools-for-stm32.13.3.rel1.win32_1.0.0.202411081344/tools/bin/../lib/gcc/arm-none-eabi/13.3.1/../../../../arm-none-eabi/lib/thumb/v7e-m+fp/hard/crt0.o
LOAD ./Core/MyDRIVERS/ADC/MyAdcDMA.o
LOAD ./Core/MyDRIVERS/CLOCK/clock.o
LOAD ./Core/MyDRIVERS/DMA/MyDMA.o
LOAD ./Core/MyDRIVERS/GPIO/gpiox.o
LOAD ./Core/MyDRIVERS/SPI/MySPI.o
LOAD ./Core/MyDRIVERS/USART/MyUsart.o
LOAD ./Core/MyDRIVERS/USART/RingBuffer.o
LOAD ./Core/MyDRIVERS/USART/retarget.o
LOAD ./Core/Src/ILI9341/ILI9341_GFX.o
LOAD ./Core/Src/ILI9341/ILI9341_STM32_Driver.o
LOAD ./Core/Src/main.o
LOAD ./Core/Src/stm32f4xx_hal_msp.o
LOAD ./Core/Src/stm32f4xx_it.o
LOAD ./Core/Src/syscalls.o
LOAD ./Core/Src/sysmem.o
LOAD ./Core/Src/system_stm32f4xx.o
LOAD ./Core/Startup/startup_stm32f446retx.o
LOAD ./Drivers/STM32F4xx_HAL_Driver/Src/stm32f4xx_hal.o
LOAD ./Drivers/STM32F4xx_HAL_Driver/Src/stm32f4xx_hal_cortex.o
LOAD ./Drivers/STM32F4xx_HAL_Driver/Src/stm32f4xx_hal_dma.o
LOAD ./Drivers/STM32F4xx_HAL_Driver/Src/stm32f4xx_hal_dma_ex.o
LOAD ./Drivers/STM32F4xx_HAL_Driver/Src/stm32f4xx_hal_exti.o
LOAD ./Drivers/STM32F4xx_HAL_Driver/Src/stm32f4xx_hal_flash.o
LOAD ./Drivers/STM32F4xx_HAL_Driver/Src/stm32f4xx_hal_flash_ex.o
LOAD ./Drivers/STM32F4xx_HAL_Driver/Src/stm32f4xx_hal_flash_ramfunc.o
LOAD ./Drivers/STM32F4xx_HAL_Driver/Src/stm32f4xx_hal_gpio.o
LOAD ./Drivers/STM32F4xx_HAL_Driver/Src/stm32f4xx_hal_pwr.o
LOAD ./Drivers/STM32F4xx_HAL_Driver/Src/stm32f4xx_hal_pwr_ex.o
LOAD ./Drivers/STM32F4xx_HAL_Driver/Src/stm32f4xx_hal_rcc.o
LOAD ./Drivers/STM32F4xx_HAL_Driver/Src/stm32f4xx_hal_rcc_ex.o
LOAD ./Drivers/STM32F4xx_HAL_Driver/Src/stm32f4xx_hal_spi.o
LOAD ./Drivers/STM32F4xx_HAL_Driver/Src/stm32f4xx_hal_uart.o
START GROUP
LOAD C:/Users/pc/Documents/STM32CubeIDE_1.19.0/STM32CubeIDE/plugins/com.st.stm32cube.ide.mcu.externaltools.gnu-tools-for-stm32.13.3.rel1.win32_1.0.0.202411081344/tools/bin/../lib/gcc/arm-none-eabi/13.3.1/../../../../arm-none-eabi/lib/thumb/v7e-m+fp/hard\libc_nano.a
LOAD C:/Users/pc/Documents/STM32CubeIDE_1.19.0/STM32CubeIDE/plugins/com.st.stm32cube.ide.mcu.externaltools.gnu-tools-for-stm32.13.3.rel1.win32_1.0.0.202411081344/tools/bin/../lib/gcc/arm-none-eabi/13.3.1/../../../../arm-none-eabi/lib/thumb/v7e-m+fp/hard\libm.a
END GROUP
START GROUP
LOAD C:/Users/pc/Documents/STM32CubeIDE_1.19.0/STM32CubeIDE/plugins/com.st.stm32cube.ide.mcu.externaltools.gnu-tools-for-stm32.13.3.rel1.win32_1.0.0.202411081344/tools/bin/../lib/gcc/arm-none-eabi/13.3.1/thumb/v7e-m+fp/hard\libgcc.a
LOAD C:/Users/pc/Documents/STM32CubeIDE_1.19.0/STM32CubeIDE/plugins/com.st.stm32cube.ide.mcu.externaltools.gnu-tools-for-stm32.13.3.rel1.win32_1.0.0.202411081344/tools/bin/../lib/gcc/arm-none-eabi/13.3.1/../../../../arm-none-eabi/lib/thumb/v7e-m+fp/hard\libc_nano.a
END GROUP
START GROUP
LOAD C:/Users/pc/Documents/STM32CubeIDE_1.19.0/STM32CubeIDE/plugins/com.st.stm32cube.ide.mcu.externaltools.gnu-tools-for-stm32.13.3.rel1.win32_1.0.0.202411081344/tools/bin/../lib/gcc/arm-none-eabi/13.3.1/thumb/v7e-m+fp/hard\libgcc.a
LOAD C:/Users/pc/Documents/STM32CubeIDE_1.19.0/STM32CubeIDE/plugins/com.st.stm32cube.ide.mcu.externaltools.gnu-tools-for-stm32.13.3.rel1.win32_1.0.0.202411081344/tools/bin/../lib/gcc/arm-none-eabi/13.3.1/../../../../arm-none-eabi/lib/thumb/v7e-m+fp/hard\libc_nano.a
LOAD C:/Users/pc/Documents/STM32CubeIDE_1.19.0/STM32CubeIDE/plugins/com.st.stm32cube.ide.mcu.externaltools.gnu-tools-for-stm32.13.3.rel1.win32_1.0.0.202411081344/tools/bin/../lib/gcc/arm-none-eabi/13.3.1/../../../../arm-none-eabi/lib/thumb/v7e-m+fp/hard\libnosys.a
END GROUP
START GROUP
LOAD C:/Users/pc/Documents/STM32CubeIDE_1.19.0/STM32CubeIDE/plugins/com.st.stm32cube.ide.mcu.externaltools.gnu-tools-for-stm32.13.3.rel1.win32_1.0.0.202411081344/tools/bin/../lib/gcc/arm-none-eabi/13.3.1/thumb/v7e-m+fp/hard\libgcc.a
LOAD C:/Users/pc/Documents/STM32CubeIDE_1.19.0/STM32CubeIDE/plugins/com.st.stm32cube.ide.mcu.externaltools.gnu-tools-for-stm32.13.3.rel1.win32_1.0.0.202411081344/tools/bin/../lib/gcc/arm-none-eabi/13.3.1/../../../../arm-none-eabi/lib/thumb/v7e-m+fp/hard\libc_nano.a
LOAD C:/Users/pc/Documents/STM32CubeIDE_1.19.0/STM32CubeIDE/plugins/com.st.stm32cube.ide.mcu.externaltools.gnu-tools-for-stm32.13.3.rel1.win32_1.0.0.202411081344/tools/bin/../lib/gcc/arm-none-eabi/13.3.1/../../../../arm-none-eabi/lib/thumb/v7e-m+fp/hard\libnosys.a
END GROUP
LOAD C:/Users/pc/Documents/STM32CubeIDE_1.19.0/STM32CubeIDE/plugins/com.st.stm32cube.ide.mcu.externaltools.gnu-tools-for-stm32.13.3.rel1.win32_1.0.0.202411081344/tools/bin/../lib/gcc/arm-none-eabi/13.3.1/thumb/v7e-m+fp/hard/crtend.o
LOAD C:/Users/pc/Documents/STM32CubeIDE_1.19.0/STM32CubeIDE/plugins/com.st.stm32cube.ide.mcu.externaltools.gnu-tools-for-stm32.13.3.rel1.win32_1.0.0.202411081344/tools/bin/../lib/gcc/arm-none-eabi/13.3.1/thumb/v7e-m+fp/hard/crtn.o
                0x20020000                        _estack = (ORIGIN (RAM) + LENGTH (RAM))
                0x00000200                        _Min_Heap_Size = 0x200
                0x00000400                        _Min_Stack_Size = 0x400

.isr_vector     0x08000000      0x1c4
                0x08000000                        . = ALIGN (0x4)
 *(.isr_vector)
 .isr_vector    0x08000000      0x1c4 ./Core/Startup/startup_stm32f446retx.o
                0x08000000                g_pfnVectors
                0x080001c4                        . = ALIGN (0x4)

.text           0x080001c4     0x2e7c
                0x080001c4                        . = ALIGN (0x4)
 *(.text)
 .text          0x080001c4       0x40 C:/Users/pc/Documents/STM32CubeIDE_1.19.0/STM32CubeIDE/plugins/com.st.stm32cube.ide.mcu.externaltools.gnu-tools-for-stm32.13.3.rel1.win32_1.0.0.202411081344/tools/bin/../lib/gcc/arm-none-eabi/13.3.1/thumb/v7e-m+fp/hard/crtbegin.o
 .text          0x08000204       0x30 C:/Users/pc/Documents/STM32CubeIDE_1.19.0/STM32CubeIDE/plugins/com.st.stm32cube.ide.mcu.externaltools.gnu-tools-for-stm32.13.3.rel1.win32_1.0.0.202411081344/tools/bin/../lib/gcc/arm-none-eabi/13.3.1/thumb/v7e-m+fp/hard\libgcc.a(_aeabi_uldivmod.o)
                0x08000204                __aeabi_uldivmod
 .text          0x08000234      0x2f8 C:/Users/pc/Documents/STM32CubeIDE_1.19.0/STM32CubeIDE/plugins/com.st.stm32cube.ide.mcu.externaltools.gnu-tools-for-stm32.13.3.rel1.win32_1.0.0.202411081344/tools/bin/../lib/gcc/arm-none-eabi/13.3.1/thumb/v7e-m+fp/hard\libgcc.a(_udivmoddi4.o)
                0x08000234                __udivmoddi4
 .text          0x0800052c        0x4 C:/Users/pc/Documents/STM32CubeIDE_1.19.0/STM32CubeIDE/plugins/com.st.stm32cube.ide.mcu.externaltools.gnu-tools-for-stm32.13.3.rel1.win32_1.0.0.202411081344/tools/bin/../lib/gcc/arm-none-eabi/13.3.1/thumb/v7e-m+fp/hard\libgcc.a(_dvmd_tls.o)
                0x0800052c                __aeabi_idiv0
                0x0800052c                __aeabi_ldiv0
 *(.text*)
 .text.gpio_set
                0x08000530       0x26 ./Core/MyDRIVERS/GPIO/gpiox.o
                0x08000530                gpio_set
 .text.gpio_reset
                0x08000556       0x28 ./Core/MyDRIVERS/GPIO/gpiox.o
                0x08000556                gpio_reset
 .text.SPIx_Transmit
                0x0800057e       0x70 ./Core/MyDRIVERS/SPI/MySPI.o
                0x0800057e                SPIx_Transmit
 .text.SPIx_pin_LOW
                0x080005ee       0x20 ./Core/MyDRIVERS/SPI/MySPI.o
                0x080005ee                SPIx_pin_LOW
 .text.SPIx_pin_HIGH
                0x0800060e       0x20 ./Core/MyDRIVERS/SPI/MySPI.o
                0x0800060e                SPIx_pin_HIGH
 *fill*         0x0800062e        0x2 
 .text.USART2_IRQHandler
                0x08000630       0x68 ./Core/MyDRIVERS/USART/MyUsart.o
                0x08000630                USART2_IRQHandler
 .text.RingBuffer_Write
                0x08000698       0x42 ./Core/MyDRIVERS/USART/RingBuffer.o
                0x08000698                RingBuffer_Write
 .text.RingBuffer_Read
                0x080006da       0x44 ./Core/MyDRIVERS/USART/RingBuffer.o
                0x080006da                RingBuffer_Read
 .text.RingBuffer_IsEmpty
                0x0800071e       0x2a ./Core/MyDRIVERS/USART/RingBuffer.o
                0x0800071e                RingBuffer_IsEmpty
 .text.RingBuffer_IsFull
                0x08000748       0x2e ./Core/MyDRIVERS/USART/RingBuffer.o
                0x08000748                RingBuffer_IsFull
 *fill*         0x08000776        0x2 
 .text.ILI9341_Draw_Char
                0x08000778      0x134 ./Core/Src/ILI9341/ILI9341_GFX.o
                0x08000778                ILI9341_Draw_Char
 .text.ILI9341_Draw_Text
                0x080008ac       0x5e ./Core/Src/ILI9341/ILI9341_GFX.o
                0x080008ac                ILI9341_Draw_Text
 *fill*         0x0800090a        0x2 
 .text.ILI9341_SPI_Init
                0x0800090c       0x14 ./Core/Src/ILI9341/ILI9341_STM32_Driver.o
                0x0800090c                ILI9341_SPI_Init
 .text.ILI9341_SPI_Send
                0x08000920       0x24 ./Core/Src/ILI9341/ILI9341_STM32_Driver.o
                0x08000920                ILI9341_SPI_Send
 .text.ILI9341_Write_Command
                0x08000944       0x38 ./Core/Src/ILI9341/ILI9341_STM32_Driver.o
                0x08000944                ILI9341_Write_Command
 .text.ILI9341_Write_Data
                0x0800097c       0x38 ./Core/Src/ILI9341/ILI9341_STM32_Driver.o
                0x0800097c                ILI9341_Write_Data
 .text.ILI9341_Set_Address
                0x080009b4       0x98 ./Core/Src/ILI9341/ILI9341_STM32_Driver.o
                0x080009b4                ILI9341_Set_Address
 .text.ILI9341_Reset
                0x08000a4c       0x34 ./Core/Src/ILI9341/ILI9341_STM32_Driver.o
                0x08000a4c                ILI9341_Reset
 .text.ILI9341_Set_Rotation
                0x08000a80       0xa4 ./Core/Src/ILI9341/ILI9341_STM32_Driver.o
                0x08000a80                ILI9341_Set_Rotation
 .text.ILI9341_Enable
                0x08000b24       0x18 ./Core/Src/ILI9341/ILI9341_STM32_Driver.o
                0x08000b24                ILI9341_Enable
 .text.ILI9341_Init
                0x08000b3c      0x21a ./Core/Src/ILI9341/ILI9341_STM32_Driver.o
                0x08000b3c                ILI9341_Init
 *fill*         0x08000d56        0x2 
 .text.ILI9341_Draw_Colour
                0x08000d58       0x54 ./Core/Src/ILI9341/ILI9341_STM32_Driver.o
                0x08000d58                ILI9341_Draw_Colour
 .text.ILI9341_Draw_Colour_Burst
                0x08000dac      0x11c ./Core/Src/ILI9341/ILI9341_STM32_Driver.o
                0x08000dac                ILI9341_Draw_Colour_Burst
 .text.ILI9341_Fill_Screen
                0x08000ec8       0x4c ./Core/Src/ILI9341/ILI9341_STM32_Driver.o
                0x08000ec8                ILI9341_Fill_Screen
 .text.ILI9341_Draw_Pixel
                0x08000f14      0x17c ./Core/Src/ILI9341/ILI9341_STM32_Driver.o
                0x08000f14                ILI9341_Draw_Pixel
 .text.ILI9341_Draw_Rectangle
                0x08001090       0xb8 ./Core/Src/ILI9341/ILI9341_STM32_Driver.o
                0x08001090                ILI9341_Draw_Rectangle
 .text.main     0x08001148       0x50 ./Core/Src/main.o
                0x08001148                main
 .text.SystemClock_Config
                0x08001198       0xe4 ./Core/Src/main.o
                0x08001198                SystemClock_Config
 .text.MX_SPI1_Init
                0x0800127c       0x6c ./Core/Src/main.o
 .text.MX_USART2_UART_Init
                0x080012e8       0x54 ./Core/Src/main.o
 .text.MX_GPIO_Init
                0x0800133c       0xe0 ./Core/Src/main.o
 .text.Error_Handler
                0x0800141c        0xc ./Core/Src/main.o
                0x0800141c                Error_Handler
 .text.HAL_MspInit
                0x08001428       0x50 ./Core/Src/stm32f4xx_hal_msp.o
                0x08001428                HAL_MspInit
 .text.HAL_SPI_MspInit
                0x08001478       0x90 ./Core/Src/stm32f4xx_hal_msp.o
                0x08001478                HAL_SPI_MspInit
 .text.HAL_UART_MspInit
                0x08001508       0x90 ./Core/Src/stm32f4xx_hal_msp.o
                0x08001508                HAL_UART_MspInit
 .text.NMI_Handler
                0x08001598        0x8 ./Core/Src/stm32f4xx_it.o
                0x08001598                NMI_Handler
 .text.HardFault_Handler
                0x080015a0        0x8 ./Core/Src/stm32f4xx_it.o
                0x080015a0                HardFault_Handler
 .text.MemManage_Handler
                0x080015a8        0x8 ./Core/Src/stm32f4xx_it.o
                0x080015a8                MemManage_Handler
 .text.BusFault_Handler
                0x080015b0        0x8 ./Core/Src/stm32f4xx_it.o
                0x080015b0                BusFault_Handler
 .text.UsageFault_Handler
                0x080015b8        0x8 ./Core/Src/stm32f4xx_it.o
                0x080015b8                UsageFault_Handler
 .text.SVC_Handler
                0x080015c0        0xe ./Core/Src/stm32f4xx_it.o
                0x080015c0                SVC_Handler
 .text.DebugMon_Handler
                0x080015ce        0xe ./Core/Src/stm32f4xx_it.o
                0x080015ce                DebugMon_Handler
 .text.PendSV_Handler
                0x080015dc        0xe ./Core/Src/stm32f4xx_it.o
                0x080015dc                PendSV_Handler
 .text.SysTick_Handler
                0x080015ea        0xc ./Core/Src/stm32f4xx_it.o
                0x080015ea                SysTick_Handler
 *fill*         0x080015f6        0x2 
 .text.SystemInit
                0x080015f8       0x24 ./Core/Src/system_stm32f4xx.o
                0x080015f8                SystemInit
 .text.Reset_Handler
                0x0800161c       0x50 ./Core/Startup/startup_stm32f446retx.o
                0x0800161c                Reset_Handler
 .text.Default_Handler
                0x0800166c        0x2 ./Core/Startup/startup_stm32f446retx.o
                0x0800166c                RTC_Alarm_IRQHandler
                0x0800166c                EXTI2_IRQHandler
                0x0800166c                TIM8_CC_IRQHandler
                0x0800166c                FMPI2C1_EV_IRQHandler
                0x0800166c                SPI4_IRQHandler
                0x0800166c                TIM1_CC_IRQHandler
                0x0800166c                DMA2_Stream5_IRQHandler
                0x0800166c                DMA1_Stream5_IRQHandler
                0x0800166c                PVD_IRQHandler
                0x0800166c                SDIO_IRQHandler
                0x0800166c                TAMP_STAMP_IRQHandler
                0x0800166c                CAN2_RX1_IRQHandler
                0x0800166c                EXTI3_IRQHandler
                0x0800166c                TIM8_TRG_COM_TIM14_IRQHandler
                0x0800166c                TIM1_UP_TIM10_IRQHandler
                0x0800166c                TIM8_UP_TIM13_IRQHandler
                0x0800166c                I2C3_ER_IRQHandler
                0x0800166c                EXTI0_IRQHandler
                0x0800166c                I2C2_EV_IRQHandler
                0x0800166c                DMA1_Stream2_IRQHandler
                0x0800166c                CAN1_RX0_IRQHandler
                0x0800166c                FPU_IRQHandler
                0x0800166c                OTG_HS_WKUP_IRQHandler
                0x0800166c                CAN2_SCE_IRQHandler
                0x0800166c                DMA2_Stream2_IRQHandler
                0x0800166c                SPI1_IRQHandler
                0x0800166c                TIM6_DAC_IRQHandler
                0x0800166c                TIM1_BRK_TIM9_IRQHandler
                0x0800166c                DCMI_IRQHandler
                0x0800166c                CAN2_RX0_IRQHandler
                0x0800166c                DMA2_Stream3_IRQHandler
                0x0800166c                SAI2_IRQHandler
                0x0800166c                USART6_IRQHandler
                0x0800166c                USART3_IRQHandler
                0x0800166c                CAN1_RX1_IRQHandler
                0x0800166c                UART5_IRQHandler
                0x0800166c                DMA2_Stream0_IRQHandler
                0x0800166c                TIM4_IRQHandler
                0x0800166c                QUADSPI_IRQHandler
                0x0800166c                I2C1_EV_IRQHandler
                0x0800166c                DMA1_Stream6_IRQHandler
                0x0800166c                DMA1_Stream1_IRQHandler
                0x0800166c                UART4_IRQHandler
                0x0800166c                TIM3_IRQHandler
                0x0800166c                RCC_IRQHandler
                0x0800166c                TIM8_BRK_TIM12_IRQHandler
                0x0800166c                Default_Handler
                0x0800166c                CEC_IRQHandler
                0x0800166c                EXTI15_10_IRQHandler
                0x0800166c                ADC_IRQHandler
                0x0800166c                DMA1_Stream7_IRQHandler
                0x0800166c                TIM7_IRQHandler
                0x0800166c                CAN2_TX_IRQHandler
                0x0800166c                TIM5_IRQHandler
                0x0800166c                DMA2_Stream7_IRQHandler
                0x0800166c                I2C3_EV_IRQHandler
                0x0800166c                EXTI9_5_IRQHandler
                0x0800166c                RTC_WKUP_IRQHandler
                0x0800166c                SPDIF_RX_IRQHandler
                0x0800166c                SPI2_IRQHandler
                0x0800166c                OTG_HS_EP1_IN_IRQHandler
                0x0800166c                DMA1_Stream0_IRQHandler
                0x0800166c                CAN1_TX_IRQHandler
                0x0800166c                FMPI2C1_ER_IRQHandler
                0x0800166c                EXTI4_IRQHandler
                0x0800166c                OTG_HS_EP1_OUT_IRQHandler
                0x0800166c                WWDG_IRQHandler
                0x0800166c                TIM2_IRQHandler
                0x0800166c                OTG_FS_WKUP_IRQHandler
                0x0800166c                TIM1_TRG_COM_TIM11_IRQHandler
                0x0800166c                OTG_HS_IRQHandler
                0x0800166c                EXTI1_IRQHandler
                0x0800166c                I2C2_ER_IRQHandler
                0x0800166c                DMA2_Stream1_IRQHandler
                0x0800166c                CAN1_SCE_IRQHandler
                0x0800166c                FLASH_IRQHandler
                0x0800166c                DMA2_Stream4_IRQHandler
                0x0800166c                USART1_IRQHandler
                0x0800166c                OTG_FS_IRQHandler
                0x0800166c                SPI3_IRQHandler
                0x0800166c                DMA1_Stream4_IRQHandler
                0x0800166c                I2C1_ER_IRQHandler
                0x0800166c                FMC_IRQHandler
                0x0800166c                DMA2_Stream6_IRQHandler
                0x0800166c                SAI1_IRQHandler
                0x0800166c                DMA1_Stream3_IRQHandler
 *fill*         0x0800166e        0x2 
 .text.HAL_Init
                0x08001670       0x44 ./Drivers/STM32F4xx_HAL_Driver/Src/stm32f4xx_hal.o
                0x08001670                HAL_Init
 .text.HAL_InitTick
                0x080016b4       0x60 ./Drivers/STM32F4xx_HAL_Driver/Src/stm32f4xx_hal.o
                0x080016b4                HAL_InitTick
 .text.HAL_IncTick
                0x08001714       0x28 ./Drivers/STM32F4xx_HAL_Driver/Src/stm32f4xx_hal.o
                0x08001714                HAL_IncTick
 .text.HAL_GetTick
                0x0800173c       0x18 ./Drivers/STM32F4xx_HAL_Driver/Src/stm32f4xx_hal.o
                0x0800173c                HAL_GetTick
 .text.HAL_Delay
                0x08001754       0x48 ./Drivers/STM32F4xx_HAL_Driver/Src/stm32f4xx_hal.o
                0x08001754                HAL_Delay
 .text.__NVIC_SetPriorityGrouping
                0x0800179c       0x48 ./Drivers/STM32F4xx_HAL_Driver/Src/stm32f4xx_hal_cortex.o
 .text.__NVIC_GetPriorityGrouping
                0x080017e4       0x1c ./Drivers/STM32F4xx_HAL_Driver/Src/stm32f4xx_hal_cortex.o
 .text.__NVIC_SetPriority
                0x08001800       0x54 ./Drivers/STM32F4xx_HAL_Driver/Src/stm32f4xx_hal_cortex.o
 .text.NVIC_EncodePriority
                0x08001854       0x66 ./Drivers/STM32F4xx_HAL_Driver/Src/stm32f4xx_hal_cortex.o
 *fill*         0x080018ba        0x2 
 .text.SysTick_Config
                0x080018bc       0x44 ./Drivers/STM32F4xx_HAL_Driver/Src/stm32f4xx_hal_cortex.o
 .text.HAL_NVIC_SetPriorityGrouping
                0x08001900       0x16 ./Drivers/STM32F4xx_HAL_Driver/Src/stm32f4xx_hal_cortex.o
                0x08001900                HAL_NVIC_SetPriorityGrouping
 .text.HAL_NVIC_SetPriority
                0x08001916       0x38 ./Drivers/STM32F4xx_HAL_Driver/Src/stm32f4xx_hal_cortex.o
                0x08001916                HAL_NVIC_SetPriority
 .text.HAL_SYSTICK_Config
                0x0800194e       0x18 ./Drivers/STM32F4xx_HAL_Driver/Src/stm32f4xx_hal_cortex.o
                0x0800194e                HAL_SYSTICK_Config
 *fill*         0x08001966        0x2 
 .text.HAL_GPIO_Init
                0x08001968      0x328 ./Drivers/STM32F4xx_HAL_Driver/Src/stm32f4xx_hal_gpio.o
                0x08001968                HAL_GPIO_Init
 .text.HAL_GPIO_WritePin
                0x08001c90       0x32 ./Drivers/STM32F4xx_HAL_Driver/Src/stm32f4xx_hal_gpio.o
                0x08001c90                HAL_GPIO_WritePin
 *fill*         0x08001cc2        0x2 
 .text.HAL_PWREx_EnableOverDrive
                0x08001cc4       0xa0 ./Drivers/STM32F4xx_HAL_Driver/Src/stm32f4xx_hal_pwr_ex.o
                0x08001cc4                HAL_PWREx_EnableOverDrive
 .text.HAL_RCC_ClockConfig
                0x08001d64      0x1cc ./Drivers/STM32F4xx_HAL_Driver/Src/stm32f4xx_hal_rcc.o
                0x08001d64                HAL_RCC_ClockConfig
 .text.HAL_RCC_GetHCLKFreq
                0x08001f30       0x18 ./Drivers/STM32F4xx_HAL_Driver/Src/stm32f4xx_hal_rcc.o
                0x08001f30                HAL_RCC_GetHCLKFreq
 .text.HAL_RCC_GetPCLK1Freq
                0x08001f48       0x28 ./Drivers/STM32F4xx_HAL_Driver/Src/stm32f4xx_hal_rcc.o
                0x08001f48                HAL_RCC_GetPCLK1Freq
 .text.HAL_RCC_GetPCLK2Freq
                0x08001f70       0x28 ./Drivers/STM32F4xx_HAL_Driver/Src/stm32f4xx_hal_rcc.o
                0x08001f70                HAL_RCC_GetPCLK2Freq
 .text.HAL_RCC_GetSysClockFreq
                0x08001f98      0x460 ./Drivers/STM32F4xx_HAL_Driver/Src/stm32f4xx_hal_rcc_ex.o
                0x08001f98                HAL_RCC_GetSysClockFreq
 .text.HAL_RCC_OscConfig
                0x080023f8      0x53c ./Drivers/STM32F4xx_HAL_Driver/Src/stm32f4xx_hal_rcc_ex.o
                0x080023f8                HAL_RCC_OscConfig
 .text.HAL_SPI_Init
                0x08002934      0x112 ./Drivers/STM32F4xx_HAL_Driver/Src/stm32f4xx_hal_spi.o
                0x08002934                HAL_SPI_Init
 .text.HAL_UART_Init
                0x08002a46       0xa0 ./Drivers/STM32F4xx_HAL_Driver/Src/stm32f4xx_hal_uart.o
                0x08002a46                HAL_UART_Init
 *fill*         0x08002ae6        0x2 
 .text.UART_SetConfig
                0x08002ae8      0x4e8 ./Drivers/STM32F4xx_HAL_Driver/Src/stm32f4xx_hal_uart.o
 .text.memset   0x08002fd0       0x10 C:/Users/pc/Documents/STM32CubeIDE_1.19.0/STM32CubeIDE/plugins/com.st.stm32cube.ide.mcu.externaltools.gnu-tools-for-stm32.13.3.rel1.win32_1.0.0.202411081344/tools/bin/../lib/gcc/arm-none-eabi/13.3.1/../../../../arm-none-eabi/lib/thumb/v7e-m+fp/hard\libc_nano.a(libc_a-memset.o)
                0x08002fd0                memset
 .text.__libc_init_array
                0x08002fe0       0x48 C:/Users/pc/Documents/STM32CubeIDE_1.19.0/STM32CubeIDE/plugins/com.st.stm32cube.ide.mcu.externaltools.gnu-tools-for-stm32.13.3.rel1.win32_1.0.0.202411081344/tools/bin/../lib/gcc/arm-none-eabi/13.3.1/../../../../arm-none-eabi/lib/thumb/v7e-m+fp/hard\libc_nano.a(libc_a-init.o)
                0x08002fe0                __libc_init_array
 *(.glue_7)
 .glue_7        0x08003028        0x0 linker stubs
 *(.glue_7t)
 .glue_7t       0x08003028        0x0 linker stubs
 *(.eh_frame)
 .eh_frame      0x08003028        0x0 C:/Users/pc/Documents/STM32CubeIDE_1.19.0/STM32CubeIDE/plugins/com.st.stm32cube.ide.mcu.externaltools.gnu-tools-for-stm32.13.3.rel1.win32_1.0.0.202411081344/tools/bin/../lib/gcc/arm-none-eabi/13.3.1/thumb/v7e-m+fp/hard/crtbegin.o
 *(.init)
 .init          0x08003028        0x4 C:/Users/pc/Documents/STM32CubeIDE_1.19.0/STM32CubeIDE/plugins/com.st.stm32cube.ide.mcu.externaltools.gnu-tools-for-stm32.13.3.rel1.win32_1.0.0.202411081344/tools/bin/../lib/gcc/arm-none-eabi/13.3.1/thumb/v7e-m+fp/hard/crti.o
                0x08003028                _init
 .init          0x0800302c        0x8 C:/Users/pc/Documents/STM32CubeIDE_1.19.0/STM32CubeIDE/plugins/com.st.stm32cube.ide.mcu.externaltools.gnu-tools-for-stm32.13.3.rel1.win32_1.0.0.202411081344/tools/bin/../lib/gcc/arm-none-eabi/13.3.1/thumb/v7e-m+fp/hard/crtn.o
 *(.fini)
 .fini          0x08003034        0x4 C:/Users/pc/Documents/STM32CubeIDE_1.19.0/STM32CubeIDE/plugins/com.st.stm32cube.ide.mcu.externaltools.gnu-tools-for-stm32.13.3.rel1.win32_1.0.0.202411081344/tools/bin/../lib/gcc/arm-none-eabi/13.3.1/thumb/v7e-m+fp/hard/crti.o
                0x08003034                _fini
 .fini          0x08003038        0x8 C:/Users/pc/Documents/STM32CubeIDE_1.19.0/STM32CubeIDE/plugins/com.st.stm32cube.ide.mcu.externaltools.gnu-tools-for-stm32.13.3.rel1.win32_1.0.0.202411081344/tools/bin/../lib/gcc/arm-none-eabi/13.3.1/thumb/v7e-m+fp/hard/crtn.o
                0x08003040                        . = ALIGN (0x4)
                0x08003040                        _etext = .

.vfp11_veneer   0x08003040        0x0
 .vfp11_veneer  0x08003040        0x0 linker stubs

.v4_bx          0x08003040        0x0
 .v4_bx         0x08003040        0x0 linker stubs

.iplt           0x08003040        0x0
 .iplt          0x08003040        0x0 C:/Users/pc/Documents/STM32CubeIDE_1.19.0/STM32CubeIDE/plugins/com.st.stm32cube.ide.mcu.externaltools.gnu-tools-for-stm32.13.3.rel1.win32_1.0.0.202411081344/tools/bin/../lib/gcc/arm-none-eabi/13.3.1/thumb/v7e-m+fp/hard/crtbegin.o

.rodata         0x08003040      0x260
                0x08003040                        . = ALIGN (0x4)
 *(.rodata)
 .rodata        0x08003040        0x6 ./Core/Src/main.o
 *(.rodata*)
 *fill*         0x08003046        0x2 
 .rodata.font   0x08003048      0x240 ./Core/Src/ILI9341/ILI9341_GFX.o
 .rodata.AHBPrescTable
                0x08003288       0x10 ./Core/Src/system_stm32f4xx.o
                0x08003288                AHBPrescTable
 .rodata.APBPrescTable
                0x08003298        0x8 ./Core/Src/system_stm32f4xx.o
                0x08003298                APBPrescTable
                0x080032a0                        . = ALIGN (0x4)

.ARM.extab      0x080032a0        0x0
                0x080032a0                        . = ALIGN (0x4)
 *(.ARM.extab* .gnu.linkonce.armextab.*)
                0x080032a0                        . = ALIGN (0x4)

.ARM            0x080032a0        0x8
                0x080032a0                        . = ALIGN (0x4)
                0x080032a0                        __exidx_start = .
 *(.ARM.exidx*)
 .ARM.exidx     0x080032a0        0x8 C:/Users/pc/Documents/STM32CubeIDE_1.19.0/STM32CubeIDE/plugins/com.st.stm32cube.ide.mcu.externaltools.gnu-tools-for-stm32.13.3.rel1.win32_1.0.0.202411081344/tools/bin/../lib/gcc/arm-none-eabi/13.3.1/thumb/v7e-m+fp/hard\libgcc.a(_udivmoddi4.o)
                0x080032a8                        __exidx_end = .
                0x080032a8                        . = ALIGN (0x4)

.preinit_array  0x080032a8        0x0
                0x080032a8                        . = ALIGN (0x4)
                0x080032a8                        PROVIDE (__preinit_array_start = .)
 *(.preinit_array*)
                0x080032a8                        PROVIDE (__preinit_array_end = .)
                0x080032a8                        . = ALIGN (0x4)

.init_array     0x080032a8        0x4
                0x080032a8                        . = ALIGN (0x4)
                0x080032a8                        PROVIDE (__init_array_start = .)
 *(SORT_BY_NAME(.init_array.*))
 *(.init_array*)
 .init_array    0x080032a8        0x4 C:/Users/pc/Documents/STM32CubeIDE_1.19.0/STM32CubeIDE/plugins/com.st.stm32cube.ide.mcu.externaltools.gnu-tools-for-stm32.13.3.rel1.win32_1.0.0.202411081344/tools/bin/../lib/gcc/arm-none-eabi/13.3.1/thumb/v7e-m+fp/hard/crtbegin.o
                0x080032ac                        PROVIDE (__init_array_end = .)
                0x080032ac                        . = ALIGN (0x4)

.fini_array     0x080032ac        0x4
                0x080032ac                        . = ALIGN (0x4)
                [!provide]                        PROVIDE (__fini_array_start = .)
 *(SORT_BY_NAME(.fini_array.*))
 *(.fini_array*)
 .fini_array    0x080032ac        0x4 C:/Users/pc/Documents/STM32CubeIDE_1.19.0/STM32CubeIDE/plugins/com.st.stm32cube.ide.mcu.externaltools.gnu-tools-for-stm32.13.3.rel1.win32_1.0.0.202411081344/tools/bin/../lib/gcc/arm-none-eabi/13.3.1/thumb/v7e-m+fp/hard/crtbegin.o
                [!provide]                        PROVIDE (__fini_array_end = .)
                0x080032b0                        . = ALIGN (0x4)
                0x080032b0                        _sidata = LOADADDR (.data)

.rel.dyn        0x080032b0        0x0
 .rel.iplt      0x080032b0        0x0 C:/Users/pc/Documents/STM32CubeIDE_1.19.0/STM32CubeIDE/plugins/com.st.stm32cube.ide.mcu.externaltools.gnu-tools-for-stm32.13.3.rel1.win32_1.0.0.202411081344/tools/bin/../lib/gcc/arm-none-eabi/13.3.1/thumb/v7e-m+fp/hard/crtbegin.o

.data           0x20000000       0x10 load address 0x080032b0
                0x20000000                        . = ALIGN (0x4)
                0x20000000                        _sdata = .
 *(.data)
 *(.data*)
 .data.LCD_HEIGHT
                0x20000000        0x2 ./Core/Src/ILI9341/ILI9341_STM32_Driver.o
                0x20000000                LCD_HEIGHT
 .data.LCD_WIDTH
                0x20000002        0x2 ./Core/Src/ILI9341/ILI9341_STM32_Driver.o
                0x20000002                LCD_WIDTH
 .data.SystemCoreClock
                0x20000004        0x4 ./Core/Src/system_stm32f4xx.o
                0x20000004                SystemCoreClock
 .data.uwTickPrio
                0x20000008        0x4 ./Drivers/STM32F4xx_HAL_Driver/Src/stm32f4xx_hal.o
                0x20000008                uwTickPrio
 .data.uwTickFreq
                0x2000000c        0x1 ./Drivers/STM32F4xx_HAL_Driver/Src/stm32f4xx_hal.o
                0x2000000c                uwTickFreq
 *(.RamFunc)
 *(.RamFunc*)
                0x20000010                        . = ALIGN (0x4)
 *fill*         0x2000000d        0x3 
                0x20000010                        _edata = .

.igot.plt       0x20000010        0x0 load address 0x080032c0
 .igot.plt      0x20000010        0x0 C:/Users/pc/Documents/STM32CubeIDE_1.19.0/STM32CubeIDE/plugins/com.st.stm32cube.ide.mcu.externaltools.gnu-tools-for-stm32.13.3.rel1.win32_1.0.0.202411081344/tools/bin/../lib/gcc/arm-none-eabi/13.3.1/thumb/v7e-m+fp/hard/crtbegin.o
                0x20000010                        . = ALIGN (0x4)

.bss            0x20000010      0x2d0 load address 0x080032c0
                0x20000010                        _sbss = .
                0x20000010                        __bss_start__ = _sbss
 *(.bss)
 .bss           0x20000010       0x1c C:/Users/pc/Documents/STM32CubeIDE_1.19.0/STM32CubeIDE/plugins/com.st.stm32cube.ide.mcu.externaltools.gnu-tools-for-stm32.13.3.rel1.win32_1.0.0.202411081344/tools/bin/../lib/gcc/arm-none-eabi/13.3.1/thumb/v7e-m+fp/hard/crtbegin.o
 *(.bss*)
 .bss.usart2_ring_RX
                0x2000002c      0x108 ./Core/MyDRIVERS/USART/MyUsart.o
                0x2000002c                usart2_ring_RX
 .bss.usart2_ring_TX
                0x20000134      0x108 ./Core/MyDRIVERS/USART/MyUsart.o
                0x20000134                usart2_ring_TX
 .bss.hspi1     0x2000023c       0x58 ./Core/Src/main.o
                0x2000023c                hspi1
 .bss.huart2    0x20000294       0x48 ./Core/Src/main.o
                0x20000294                huart2
 .bss.uwTick    0x200002dc        0x4 ./Drivers/STM32F4xx_HAL_Driver/Src/stm32f4xx_hal.o
                0x200002dc                uwTick
 *(COMMON)
                0x200002e0                        . = ALIGN (0x4)
                0x200002e0                        _ebss = .
                0x200002e0                        __bss_end__ = _ebss

._user_heap_stack
                0x200002e0      0x600 load address 0x080032c0
                0x200002e0                        . = ALIGN (0x8)
                [!provide]                        PROVIDE (end = .)
                0x200002e0                        PROVIDE (_end = .)
                0x200004e0                        . = (. + _Min_Heap_Size)
 *fill*         0x200002e0      0x200 
                0x200008e0                        . = (. + _Min_Stack_Size)
 *fill*         0x200004e0      0x400 
                0x200008e0                        . = ALIGN (0x8)

/DISCARD/
 libc.a(*)
 libm.a(*)
 libgcc.a(*)

.ARM.attributes
                0x00000000       0x30
 *(.ARM.attributes)
 .ARM.attributes
                0x00000000       0x22 C:/Users/pc/Documents/STM32CubeIDE_1.19.0/STM32CubeIDE/plugins/com.st.stm32cube.ide.mcu.externaltools.gnu-tools-for-stm32.13.3.rel1.win32_1.0.0.202411081344/tools/bin/../lib/gcc/arm-none-eabi/13.3.1/thumb/v7e-m+fp/hard/crti.o
 .ARM.attributes
                0x00000022       0x34 C:/Users/pc/Documents/STM32CubeIDE_1.19.0/STM32CubeIDE/plugins/com.st.stm32cube.ide.mcu.externaltools.gnu-tools-for-stm32.13.3.rel1.win32_1.0.0.202411081344/tools/bin/../lib/gcc/arm-none-eabi/13.3.1/thumb/v7e-m+fp/hard/crtbegin.o
 .ARM.attributes
                0x00000056       0x34 ./Core/MyDRIVERS/GPIO/gpiox.o
 .ARM.attributes
                0x0000008a       0x34 ./Core/MyDRIVERS/SPI/MySPI.o
 .ARM.attributes
                0x000000be       0x34 ./Core/MyDRIVERS/USART/MyUsart.o
 .ARM.attributes
                0x000000f2       0x34 ./Core/MyDRIVERS/USART/RingBuffer.o
 .ARM.attributes
                0x00000126       0x34 ./Core/Src/ILI9341/ILI9341_GFX.o
 .ARM.attributes
                0x0000015a       0x34 ./Core/Src/ILI9341/ILI9341_STM32_Driver.o
 .ARM.attributes
                0x0000018e       0x34 ./Core/Src/main.o
 .ARM.attributes
                0x000001c2       0x34 ./Core/Src/stm32f4xx_hal_msp.o
 .ARM.attributes
                0x000001f6       0x34 ./Core/Src/stm32f4xx_it.o
 .ARM.attributes
                0x0000022a       0x34 ./Core/Src/system_stm32f4xx.o
 .ARM.attributes
                0x0000025e       0x21 ./Core/Startup/startup_stm32f446retx.o
 .ARM.attributes
                0x0000027f       0x34 ./Drivers/STM32F4xx_HAL_Driver/Src/stm32f4xx_hal.o
 .ARM.attributes
                0x000002b3       0x34 ./Drivers/STM32F4xx_HAL_Driver/Src/stm32f4xx_hal_cortex.o
 .ARM.attributes
                0x000002e7       0x34 ./Drivers/STM32F4xx_HAL_Driver/Src/stm32f4xx_hal_gpio.o
 .ARM.attributes
                0x0000031b       0x34 ./Drivers/STM32F4xx_HAL_Driver/Src/stm32f4xx_hal_pwr_ex.o
 .ARM.attributes
                0x0000034f       0x34 ./Drivers/STM32F4xx_HAL_Driver/Src/stm32f4xx_hal_rcc.o
 .ARM.attributes
                0x00000383       0x34 ./Drivers/STM32F4xx_HAL_Driver/Src/stm32f4xx_hal_rcc_ex.o
 .ARM.attributes
                0x000003b7       0x34 ./Drivers/STM32F4xx_HAL_Driver/Src/stm32f4xx_hal_spi.o
 .ARM.attributes
                0x000003eb       0x34 ./Drivers/STM32F4xx_HAL_Driver/Src/stm32f4xx_hal_uart.o
 .ARM.attributes
                0x0000041f       0x34 C:/Users/pc/Documents/STM32CubeIDE_1.19.0/STM32CubeIDE/plugins/com.st.stm32cube.ide.mcu.externaltools.gnu-tools-for-stm32.13.3.rel1.win32_1.0.0.202411081344/tools/bin/../lib/gcc/arm-none-eabi/13.3.1/../../../../arm-none-eabi/lib/thumb/v7e-m+fp/hard\libc_nano.a(libc_a-memset.o)
 .ARM.attributes
                0x00000453       0x34 C:/Users/pc/Documents/STM32CubeIDE_1.19.0/STM32CubeIDE/plugins/com.st.stm32cube.ide.mcu.externaltools.gnu-tools-for-stm32.13.3.rel1.win32_1.0.0.202411081344/tools/bin/../lib/gcc/arm-none-eabi/13.3.1/../../../../arm-none-eabi/lib/thumb/v7e-m+fp/hard\libc_nano.a(libc_a-init.o)
 .ARM.attributes
                0x00000487       0x22 C:/Users/pc/Documents/STM32CubeIDE_1.19.0/STM32CubeIDE/plugins/com.st.stm32cube.ide.mcu.externaltools.gnu-tools-for-stm32.13.3.rel1.win32_1.0.0.202411081344/tools/bin/../lib/gcc/arm-none-eabi/13.3.1/thumb/v7e-m+fp/hard\libgcc.a(_aeabi_uldivmod.o)
 .ARM.attributes
                0x000004a9       0x34 C:/Users/pc/Documents/STM32CubeIDE_1.19.0/STM32CubeIDE/plugins/com.st.stm32cube.ide.mcu.externaltools.gnu-tools-for-stm32.13.3.rel1.win32_1.0.0.202411081344/tools/bin/../lib/gcc/arm-none-eabi/13.3.1/thumb/v7e-m+fp/hard\libgcc.a(_udivmoddi4.o)
 .ARM.attributes
                0x000004dd       0x22 C:/Users/pc/Documents/STM32CubeIDE_1.19.0/STM32CubeIDE/plugins/com.st.stm32cube.ide.mcu.externaltools.gnu-tools-for-stm32.13.3.rel1.win32_1.0.0.202411081344/tools/bin/../lib/gcc/arm-none-eabi/13.3.1/thumb/v7e-m+fp/hard\libgcc.a(_dvmd_tls.o)
 .ARM.attributes
                0x000004ff       0x22 C:/Users/pc/Documents/STM32CubeIDE_1.19.0/STM32CubeIDE/plugins/com.st.stm32cube.ide.mcu.externaltools.gnu-tools-for-stm32.13.3.rel1.win32_1.0.0.202411081344/tools/bin/../lib/gcc/arm-none-eabi/13.3.1/thumb/v7e-m+fp/hard/crtn.o
OUTPUT(test_tft.elf elf32-littlearm)
LOAD linker stubs
LOAD C:/Users/pc/Documents/STM32CubeIDE_1.19.0/STM32CubeIDE/plugins/com.st.stm32cube.ide.mcu.externaltools.gnu-tools-for-stm32.13.3.rel1.win32_1.0.0.202411081344/tools/bin/../lib/gcc/arm-none-eabi/13.3.1/../../../../arm-none-eabi/lib/thumb/v7e-m+fp/hard\libc.a
LOAD C:/Users/pc/Documents/STM32CubeIDE_1.19.0/STM32CubeIDE/plugins/com.st.stm32cube.ide.mcu.externaltools.gnu-tools-for-stm32.13.3.rel1.win32_1.0.0.202411081344/tools/bin/../lib/gcc/arm-none-eabi/13.3.1/../../../../arm-none-eabi/lib/thumb/v7e-m+fp/hard\libm.a
LOAD C:/Users/pc/Documents/STM32CubeIDE_1.19.0/STM32CubeIDE/plugins/com.st.stm32cube.ide.mcu.externaltools.gnu-tools-for-stm32.13.3.rel1.win32_1.0.0.202411081344/tools/bin/../lib/gcc/arm-none-eabi/13.3.1/thumb/v7e-m+fp/hard\libgcc.a

.debug_info     0x00000000     0xc10f
 .debug_info    0x00000000      0x4b0 ./Core/MyDRIVERS/GPIO/gpiox.o
 .debug_info    0x000004b0      0x756 ./Core/MyDRIVERS/SPI/MySPI.o
 .debug_info    0x00000c06      0x63f ./Core/MyDRIVERS/USART/MyUsart.o
 .debug_info    0x00001245      0x1bf ./Core/MyDRIVERS/USART/RingBuffer.o
 .debug_info    0x00001404      0x8bd ./Core/Src/ILI9341/ILI9341_GFX.o
 .debug_info    0x00001cc1      0x62d ./Core/Src/ILI9341/ILI9341_STM32_Driver.o
 .debug_info    0x000022ee      0xef8 ./Core/Src/main.o
 .debug_info    0x000031e6      0xc1c ./Core/Src/stm32f4xx_hal_msp.o
 .debug_info    0x00003e02      0x112 ./Core/Src/stm32f4xx_it.o
 .debug_info    0x00003f14      0x54a ./Core/Src/system_stm32f4xx.o
 .debug_info    0x0000445e       0x30 ./Core/Startup/startup_stm32f446retx.o
 .debug_info    0x0000448e      0x99a ./Drivers/STM32F4xx_HAL_Driver/Src/stm32f4xx_hal.o
 .debug_info    0x00004e28      0xd75 ./Drivers/STM32F4xx_HAL_Driver/Src/stm32f4xx_hal_cortex.o
 .debug_info    0x00005b9d      0x70b ./Drivers/STM32F4xx_HAL_Driver/Src/stm32f4xx_hal_gpio.o
 .debug_info    0x000062a8      0x6da ./Drivers/STM32F4xx_HAL_Driver/Src/stm32f4xx_hal_pwr_ex.o
 .debug_info    0x00006982      0x8ed ./Drivers/STM32F4xx_HAL_Driver/Src/stm32f4xx_hal_rcc.o
 .debug_info    0x0000726f      0x956 ./Drivers/STM32F4xx_HAL_Driver/Src/stm32f4xx_hal_rcc_ex.o
 .debug_info    0x00007bc5     0x15fb ./Drivers/STM32F4xx_HAL_Driver/Src/stm32f4xx_hal_spi.o
 .debug_info    0x000091c0     0x2f4f ./Drivers/STM32F4xx_HAL_Driver/Src/stm32f4xx_hal_uart.o

.debug_abbrev   0x00000000     0x22e6
 .debug_abbrev  0x00000000      0x15b ./Core/MyDRIVERS/GPIO/gpiox.o
 .debug_abbrev  0x0000015b      0x1d8 ./Core/MyDRIVERS/SPI/MySPI.o
 .debug_abbrev  0x00000333      0x1d0 ./Core/MyDRIVERS/USART/MyUsart.o
 .debug_abbrev  0x00000503      0x10d ./Core/MyDRIVERS/USART/RingBuffer.o
 .debug_abbrev  0x00000610      0x1d2 ./Core/Src/ILI9341/ILI9341_GFX.o
 .debug_abbrev  0x000007e2      0x1d0 ./Core/Src/ILI9341/ILI9341_STM32_Driver.o
 .debug_abbrev  0x000009b2      0x28f ./Core/Src/main.o
 .debug_abbrev  0x00000c41      0x1c3 ./Core/Src/stm32f4xx_hal_msp.o
 .debug_abbrev  0x00000e04       0x73 ./Core/Src/stm32f4xx_it.o
 .debug_abbrev  0x00000e77      0x11a ./Core/Src/system_stm32f4xx.o
 .debug_abbrev  0x00000f91       0x24 ./Core/Startup/startup_stm32f446retx.o
 .debug_abbrev  0x00000fb5      0x214 ./Drivers/STM32F4xx_HAL_Driver/Src/stm32f4xx_hal.o
 .debug_abbrev  0x000011c9      0x328 ./Drivers/STM32F4xx_HAL_Driver/Src/stm32f4xx_hal_cortex.o
 .debug_abbrev  0x000014f1      0x1d4 ./Drivers/STM32F4xx_HAL_Driver/Src/stm32f4xx_hal_gpio.o
 .debug_abbrev  0x000016c5      0x1cf ./Drivers/STM32F4xx_HAL_Driver/Src/stm32f4xx_hal_pwr_ex.o
 .debug_abbrev  0x00001894      0x2b6 ./Drivers/STM32F4xx_HAL_Driver/Src/stm32f4xx_hal_rcc.o
 .debug_abbrev  0x00001b4a      0x20a ./Drivers/STM32F4xx_HAL_Driver/Src/stm32f4xx_hal_rcc_ex.o
 .debug_abbrev  0x00001d54      0x284 ./Drivers/STM32F4xx_HAL_Driver/Src/stm32f4xx_hal_spi.o
 .debug_abbrev  0x00001fd8      0x30e ./Drivers/STM32F4xx_HAL_Driver/Src/stm32f4xx_hal_uart.o

.debug_aranges  0x00000000      0xab8
 .debug_aranges
                0x00000000       0x38 ./Core/MyDRIVERS/GPIO/gpiox.o
 .debug_aranges
                0x00000038       0x48 ./Core/MyDRIVERS/SPI/MySPI.o
 .debug_aranges
                0x00000080       0x40 ./Core/MyDRIVERS/USART/MyUsart.o
 .debug_aranges
                0x000000c0       0x38 ./Core/MyDRIVERS/USART/RingBuffer.o
 .debug_aranges
                0x000000f8       0x50 ./Core/Src/ILI9341/ILI9341_GFX.o
 .debug_aranges
                0x00000148       0x98 ./Core/Src/ILI9341/ILI9341_STM32_Driver.o
 .debug_aranges
                0x000001e0       0x48 ./Core/Src/main.o
 .debug_aranges
                0x00000228       0x40 ./Core/Src/stm32f4xx_hal_msp.o
 .debug_aranges
                0x00000268       0x60 ./Core/Src/stm32f4xx_it.o
 .debug_aranges
                0x000002c8       0x28 ./Core/Src/system_stm32f4xx.o
 .debug_aranges
                0x000002f0       0x28 ./Core/Startup/startup_stm32f446retx.o
 .debug_aranges
                0x00000318       0xf0 ./Drivers/STM32F4xx_HAL_Driver/Src/stm32f4xx_hal.o
 .debug_aranges
                0x00000408      0x120 ./Drivers/STM32F4xx_HAL_Driver/Src/stm32f4xx_hal_cortex.o
 .debug_aranges
                0x00000528       0x58 ./Drivers/STM32F4xx_HAL_Driver/Src/stm32f4xx_hal_gpio.o
 .debug_aranges
                0x00000580       0x60 ./Drivers/STM32F4xx_HAL_Driver/Src/stm32f4xx_hal_pwr_ex.o
 .debug_aranges
                0x000005e0       0x88 ./Drivers/STM32F4xx_HAL_Driver/Src/stm32f4xx_hal_rcc.o
 .debug_aranges
                0x00000668       0x78 ./Drivers/STM32F4xx_HAL_Driver/Src/stm32f4xx_hal_rcc_ex.o
 .debug_aranges
                0x000006e0      0x1d0 ./Drivers/STM32F4xx_HAL_Driver/Src/stm32f4xx_hal_spi.o
 .debug_aranges
                0x000008b0      0x208 ./Drivers/STM32F4xx_HAL_Driver/Src/stm32f4xx_hal_uart.o

.debug_rnglists
                0x00000000      0x837
 .debug_rnglists
                0x00000000       0x26 ./Core/MyDRIVERS/GPIO/gpiox.o
 .debug_rnglists
                0x00000026       0x33 ./Core/MyDRIVERS/SPI/MySPI.o
 .debug_rnglists
                0x00000059       0x39 ./Core/MyDRIVERS/USART/MyUsart.o
 .debug_rnglists
                0x00000092       0x25 ./Core/MyDRIVERS/USART/RingBuffer.o
 .debug_rnglists
                0x000000b7       0x3d ./Core/Src/ILI9341/ILI9341_GFX.o
 .debug_rnglists
                0x000000f4       0x75 ./Core/Src/ILI9341/ILI9341_STM32_Driver.o
 .debug_rnglists
                0x00000169       0x33 ./Core/Src/main.o
 .debug_rnglists
                0x0000019c       0x2d ./Core/Src/stm32f4xx_hal_msp.o
 .debug_rnglists
                0x000001c9       0x43 ./Core/Src/stm32f4xx_it.o
 .debug_rnglists
                0x0000020c       0x1a ./Core/Src/system_stm32f4xx.o
 .debug_rnglists
                0x00000226       0x19 ./Core/Startup/startup_stm32f446retx.o
 .debug_rnglists
                0x0000023f       0xaf ./Drivers/STM32F4xx_HAL_Driver/Src/stm32f4xx_hal.o
 .debug_rnglists
                0x000002ee       0xd4 ./Drivers/STM32F4xx_HAL_Driver/Src/stm32f4xx_hal_cortex.o
 .debug_rnglists
                0x000003c2       0x3f ./Drivers/STM32F4xx_HAL_Driver/Src/stm32f4xx_hal_gpio.o
 .debug_rnglists
                0x00000401       0x47 ./Drivers/STM32F4xx_HAL_Driver/Src/stm32f4xx_hal_pwr_ex.o
 .debug_rnglists
                0x00000448       0x66 ./Drivers/STM32F4xx_HAL_Driver/Src/stm32f4xx_hal_rcc.o
 .debug_rnglists
                0x000004ae       0x5e ./Drivers/STM32F4xx_HAL_Driver/Src/stm32f4xx_hal_rcc_ex.o
 .debug_rnglists
                0x0000050c      0x16f ./Drivers/STM32F4xx_HAL_Driver/Src/stm32f4xx_hal_spi.o
 .debug_rnglists
                0x0000067b      0x1bc ./Drivers/STM32F4xx_HAL_Driver/Src/stm32f4xx_hal_uart.o

.debug_macro    0x00000000     0x94f8
 .debug_macro   0x00000000       0xc9 ./Core/MyDRIVERS/GPIO/gpiox.o
 .debug_macro   0x000000c9      0x1a4 ./Core/MyDRIVERS/SPI/MySPI.o
 .debug_macro   0x0000026d       0x2a ./Core/MyDRIVERS/SPI/MySPI.o
 .debug_macro   0x00000297       0x61 ./Core/MyDRIVERS/SPI/MySPI.o
 .debug_macro   0x000002f8       0x43 ./Core/MyDRIVERS/SPI/MySPI.o
 .debug_macro   0x0000033b       0x34 ./Core/MyDRIVERS/SPI/MySPI.o
 .debug_macro   0x0000036f       0x16 ./Core/MyDRIVERS/SPI/MySPI.o
 .debug_macro   0x00000385      0x11c ./Core/MyDRIVERS/SPI/MySPI.o
 .debug_macro   0x000004a1       0x9b ./Core/MyDRIVERS/SPI/MySPI.o
 .debug_macro   0x0000053c      0x370 ./Core/MyDRIVERS/SPI/MySPI.o
 .debug_macro   0x000008ac       0x16 ./Core/MyDRIVERS/SPI/MySPI.o
 .debug_macro   0x000008c2       0x4a ./Core/MyDRIVERS/SPI/MySPI.o
 .debug_macro   0x0000090c       0x34 ./Core/MyDRIVERS/SPI/MySPI.o
 .debug_macro   0x00000940       0x10 ./Core/MyDRIVERS/SPI/MySPI.o
 .debug_macro   0x00000950       0x58 ./Core/MyDRIVERS/SPI/MySPI.o
 .debug_macro   0x000009a8       0x8e ./Core/MyDRIVERS/SPI/MySPI.o
 .debug_macro   0x00000a36       0x1c ./Core/MyDRIVERS/SPI/MySPI.o
 .debug_macro   0x00000a52      0x185 ./Core/MyDRIVERS/SPI/MySPI.o
 .debug_macro   0x00000bd7       0x16 ./Core/MyDRIVERS/SPI/MySPI.o
 .debug_macro   0x00000bed       0x29 ./Core/MyDRIVERS/SPI/MySPI.o
 .debug_macro   0x00000c16       0xec ./Core/MyDRIVERS/USART/MyUsart.o
 .debug_macro   0x00000d02       0x22 ./Core/MyDRIVERS/USART/MyUsart.o
 .debug_macro   0x00000d24       0xd8 ./Core/MyDRIVERS/USART/RingBuffer.o
 .debug_macro   0x00000dfc      0x2d8 ./Core/Src/ILI9341/ILI9341_GFX.o
 .debug_macro   0x000010d4      0x29b ./Core/Src/ILI9341/ILI9341_GFX.o
 .debug_macro   0x0000136f       0x2e ./Core/Src/ILI9341/ILI9341_GFX.o
 .debug_macro   0x0000139d       0x6d ./Core/Src/ILI9341/ILI9341_GFX.o
 .debug_macro   0x0000140a     0x368c ./Core/Src/ILI9341/ILI9341_GFX.o
 .debug_macro   0x00004a96      0x190 ./Core/Src/ILI9341/ILI9341_GFX.o
 .debug_macro   0x00004c26       0x5c ./Core/Src/ILI9341/ILI9341_GFX.o
 .debug_macro   0x00004c82      0xca5 ./Core/Src/ILI9341/ILI9341_GFX.o
 .debug_macro   0x00005927      0x9e9 ./Core/Src/ILI9341/ILI9341_GFX.o
 .debug_macro   0x00006310      0x115 ./Core/Src/ILI9341/ILI9341_GFX.o
 .debug_macro   0x00006425      0x1a0 ./Core/Src/ILI9341/ILI9341_GFX.o
 .debug_macro   0x000065c5       0xa5 ./Core/Src/ILI9341/ILI9341_GFX.o
 .debug_macro   0x0000666a      0x16d ./Core/Src/ILI9341/ILI9341_GFX.o
 .debug_macro   0x000067d7      0x287 ./Core/Src/ILI9341/ILI9341_GFX.o
 .debug_macro   0x00006a5e       0x5f ./Core/Src/ILI9341/ILI9341_GFX.o
 .debug_macro   0x00006abd      0x236 ./Core/Src/ILI9341/ILI9341_GFX.o
 .debug_macro   0x00006cf3      0x132 ./Core/Src/ILI9341/ILI9341_GFX.o
 .debug_macro   0x00006e25      0x29c ./Core/Src/ILI9341/ILI9341_GFX.o
 .debug_macro   0x000070c1       0x2e ./Core/Src/ILI9341/ILI9341_GFX.o
 .debug_macro   0x000070ef      0x127 ./Core/Src/ILI9341/ILI9341_GFX.o
 .debug_macro   0x00007216       0xe8 ./Core/Src/ILI9341/ILI9341_GFX.o
 .debug_macro   0x000072fe       0x89 ./Core/Src/ILI9341/ILI9341_GFX.o
 .debug_macro   0x00007387      0x225 ./Core/Src/ILI9341/ILI9341_GFX.o
 .debug_macro   0x000075ac      0x2aa ./Core/Src/ILI9341/ILI9341_GFX.o
 .debug_macro   0x00007856      0x126 ./Core/Src/ILI9341/ILI9341_GFX.o
 .debug_macro   0x0000797c       0x70 ./Core/Src/ILI9341/ILI9341_GFX.o
 .debug_macro   0x000079ec       0x3c ./Core/Src/ILI9341/ILI9341_GFX.o
 .debug_macro   0x00007a28       0xc9 ./Core/Src/ILI9341/ILI9341_GFX.o
 .debug_macro   0x00007af1       0x16 ./Core/Src/ILI9341/ILI9341_GFX.o
 .debug_macro   0x00007b07       0x16 ./Core/Src/ILI9341/ILI9341_GFX.o
 .debug_macro   0x00007b1d      0x2c6 ./Core/Src/ILI9341/ILI9341_STM32_Driver.o
 .debug_macro   0x00007de3      0x2cf ./Core/Src/main.o
 .debug_macro   0x000080b2      0x1d3 ./Core/Src/stm32f4xx_hal_msp.o
 .debug_macro   0x00008285      0x1dd ./Core/Src/stm32f4xx_it.o
 .debug_macro   0x00008462      0x1c4 ./Core/Src/system_stm32f4xx.o
 .debug_macro   0x00008626      0x224 ./Drivers/STM32F4xx_HAL_Driver/Src/stm32f4xx_hal.o
 .debug_macro   0x0000884a      0x1c4 ./Drivers/STM32F4xx_HAL_Driver/Src/stm32f4xx_hal_cortex.o
 .debug_macro   0x00008a0e      0x1ca ./Drivers/STM32F4xx_HAL_Driver/Src/stm32f4xx_hal_gpio.o
 .debug_macro   0x00008bd8      0x1dc ./Drivers/STM32F4xx_HAL_Driver/Src/stm32f4xx_hal_pwr_ex.o
 .debug_macro   0x00008db4      0x1e8 ./Drivers/STM32F4xx_HAL_Driver/Src/stm32f4xx_hal_rcc.o
 .debug_macro   0x00008f9c      0x1c4 ./Drivers/STM32F4xx_HAL_Driver/Src/stm32f4xx_hal_rcc_ex.o
 .debug_macro   0x00009160      0x1d3 ./Drivers/STM32F4xx_HAL_Driver/Src/stm32f4xx_hal_spi.o
 .debug_macro   0x00009333      0x1c5 ./Drivers/STM32F4xx_HAL_Driver/Src/stm32f4xx_hal_uart.o

.debug_line     0x00000000     0xf6eb
 .debug_line    0x00000000      0x6bc ./Core/MyDRIVERS/GPIO/gpiox.o
 .debug_line    0x000006bc      0x94c ./Core/MyDRIVERS/SPI/MySPI.o
 .debug_line    0x00001008      0x77b ./Core/MyDRIVERS/USART/MyUsart.o
 .debug_line    0x00001783      0x67f ./Core/MyDRIVERS/USART/RingBuffer.o
 .debug_line    0x00001e02      0xdff ./Core/Src/ILI9341/ILI9341_GFX.o
 .debug_line    0x00002c01      0xdb9 ./Core/Src/ILI9341/ILI9341_STM32_Driver.o
 .debug_line    0x000039ba      0xb93 ./Core/Src/main.o
 .debug_line    0x0000454d      0x890 ./Core/Src/stm32f4xx_hal_msp.o
 .debug_line    0x00004ddd      0x8a4 ./Core/Src/stm32f4xx_it.o
 .debug_line    0x00005681      0x87a ./Core/Src/system_stm32f4xx.o
 .debug_line    0x00005efb       0x7a ./Core/Startup/startup_stm32f446retx.o
 .debug_line    0x00005f75      0xae7 ./Drivers/STM32F4xx_HAL_Driver/Src/stm32f4xx_hal.o
 .debug_line    0x00006a5c      0xd8d ./Drivers/STM32F4xx_HAL_Driver/Src/stm32f4xx_hal_cortex.o
 .debug_line    0x000077e9      0xc2b ./Drivers/STM32F4xx_HAL_Driver/Src/stm32f4xx_hal_gpio.o
 .debug_line    0x00008414      0xa54 ./Drivers/STM32F4xx_HAL_Driver/Src/stm32f4xx_hal_pwr_ex.o
 .debug_line    0x00008e68      0xeea ./Drivers/STM32F4xx_HAL_Driver/Src/stm32f4xx_hal_rcc.o
 .debug_line    0x00009d52     0x15c2 ./Drivers/STM32F4xx_HAL_Driver/Src/stm32f4xx_hal_rcc_ex.o
 .debug_line    0x0000b314     0x1de1 ./Drivers/STM32F4xx_HAL_Driver/Src/stm32f4xx_hal_spi.o
 .debug_line    0x0000d0f5     0x25f6 ./Drivers/STM32F4xx_HAL_Driver/Src/stm32f4xx_hal_uart.o

.debug_str      0x00000000    0xca34f
 .debug_str     0x00000000    0xca34f ./Core/MyDRIVERS/GPIO/gpiox.o
                              0x8ac90 (size before relaxing)
 .debug_str     0x000ca34f    0x8e389 ./Core/MyDRIVERS/SPI/MySPI.o
 .debug_str     0x000ca34f    0x8add5 ./Core/MyDRIVERS/USART/MyUsart.o
 .debug_str     0x000ca34f    0x8aa92 ./Core/MyDRIVERS/USART/RingBuffer.o
 .debug_str     0x000ca34f    0xc733a ./Core/Src/ILI9341/ILI9341_GFX.o
 .debug_str     0x000ca34f    0xc72c4 ./Core/Src/ILI9341/ILI9341_STM32_Driver.o
 .debug_str     0x000ca34f    0xc7a65 ./Core/Src/main.o
 .debug_str     0x000ca34f    0xc4364 ./Core/Src/stm32f4xx_hal_msp.o
 .debug_str     0x000ca34f    0xc3bd8 ./Core/Src/stm32f4xx_it.o
 .debug_str     0x000ca34f    0xc3b85 ./Core/Src/system_stm32f4xx.o
 .debug_str     0x000ca34f       0x74 ./Core/Startup/startup_stm32f446retx.o
 .debug_str     0x000ca34f    0xc474a ./Drivers/STM32F4xx_HAL_Driver/Src/stm32f4xx_hal.o
 .debug_str     0x000ca34f    0xc446f ./Drivers/STM32F4xx_HAL_Driver/Src/stm32f4xx_hal_cortex.o
 .debug_str     0x000ca34f    0xc3d00 ./Drivers/STM32F4xx_HAL_Driver/Src/stm32f4xx_hal_gpio.o
 .debug_str     0x000ca34f    0xc3d5d ./Drivers/STM32F4xx_HAL_Driver/Src/stm32f4xx_hal_pwr_ex.o
 .debug_str     0x000ca34f    0xc3fbe ./Drivers/STM32F4xx_HAL_Driver/Src/stm32f4xx_hal_rcc.o
 .debug_str     0x000ca34f    0xc3ff1 ./Drivers/STM32F4xx_HAL_Driver/Src/stm32f4xx_hal_rcc_ex.o
 .debug_str     0x000ca34f    0xc4424 ./Drivers/STM32F4xx_HAL_Driver/Src/stm32f4xx_hal_spi.o
 .debug_str     0x000ca34f    0xc4575 ./Drivers/STM32F4xx_HAL_Driver/Src/stm32f4xx_hal_uart.o

.comment        0x00000000       0x43
 .comment       0x00000000       0x43 ./Core/MyDRIVERS/GPIO/gpiox.o
                                 0x44 (size before relaxing)
 .comment       0x00000043       0x44 ./Core/MyDRIVERS/SPI/MySPI.o
 .comment       0x00000043       0x44 ./Core/MyDRIVERS/USART/MyUsart.o
 .comment       0x00000043       0x44 ./Core/MyDRIVERS/USART/RingBuffer.o
 .comment       0x00000043       0x44 ./Core/Src/ILI9341/ILI9341_GFX.o
 .comment       0x00000043       0x44 ./Core/Src/ILI9341/ILI9341_STM32_Driver.o
 .comment       0x00000043       0x44 ./Core/Src/main.o
 .comment       0x00000043       0x44 ./Core/Src/stm32f4xx_hal_msp.o
 .comment       0x00000043       0x44 ./Core/Src/stm32f4xx_it.o
 .comment       0x00000043       0x44 ./Core/Src/system_stm32f4xx.o
 .comment       0x00000043       0x44 ./Drivers/STM32F4xx_HAL_Driver/Src/stm32f4xx_hal.o
 .comment       0x00000043       0x44 ./Drivers/STM32F4xx_HAL_Driver/Src/stm32f4xx_hal_cortex.o
 .comment       0x00000043       0x44 ./Drivers/STM32F4xx_HAL_Driver/Src/stm32f4xx_hal_gpio.o
 .comment       0x00000043       0x44 ./Drivers/STM32F4xx_HAL_Driver/Src/stm32f4xx_hal_pwr_ex.o
 .comment       0x00000043       0x44 ./Drivers/STM32F4xx_HAL_Driver/Src/stm32f4xx_hal_rcc.o
 .comment       0x00000043       0x44 ./Drivers/STM32F4xx_HAL_Driver/Src/stm32f4xx_hal_rcc_ex.o
 .comment       0x00000043       0x44 ./Drivers/STM32F4xx_HAL_Driver/Src/stm32f4xx_hal_spi.o
 .comment       0x00000043       0x44 ./Drivers/STM32F4xx_HAL_Driver/Src/stm32f4xx_hal_uart.o

.debug_frame    0x00000000     0x2a34
 .debug_frame   0x00000000       0xac ./Core/MyDRIVERS/GPIO/gpiox.o
 .debug_frame   0x000000ac       0xf0 ./Core/MyDRIVERS/SPI/MySPI.o
 .debug_frame   0x0000019c       0xcc ./Core/MyDRIVERS/USART/MyUsart.o
 .debug_frame   0x00000268       0xa8 ./Core/MyDRIVERS/USART/RingBuffer.o
 .debug_frame   0x00000310      0x128 ./Core/Src/ILI9341/ILI9341_GFX.o
 .debug_frame   0x00000438      0x24c ./Core/Src/ILI9341/ILI9341_STM32_Driver.o
 .debug_frame   0x00000684       0xc8 ./Core/Src/main.o
 .debug_frame   0x0000074c       0xc4 ./Core/Src/stm32f4xx_hal_msp.o
 .debug_frame   0x00000810      0x104 ./Core/Src/stm32f4xx_it.o
 .debug_frame   0x00000914       0x58 ./Core/Src/system_stm32f4xx.o
 .debug_frame   0x0000096c      0x374 ./Drivers/STM32F4xx_HAL_Driver/Src/stm32f4xx_hal.o
 .debug_frame   0x00000ce0      0x4b8 ./Drivers/STM32F4xx_HAL_Driver/Src/stm32f4xx_hal_cortex.o
 .debug_frame   0x00001198      0x14c ./Drivers/STM32F4xx_HAL_Driver/Src/stm32f4xx_hal_gpio.o
 .debug_frame   0x000012e4      0x14c ./Drivers/STM32F4xx_HAL_Driver/Src/stm32f4xx_hal_pwr_ex.o
 .debug_frame   0x00001430      0x1f4 ./Drivers/STM32F4xx_HAL_Driver/Src/stm32f4xx_hal_rcc.o
 .debug_frame   0x00001624      0x1e8 ./Drivers/STM32F4xx_HAL_Driver/Src/stm32f4xx_hal_rcc_ex.o
 .debug_frame   0x0000180c      0x828 ./Drivers/STM32F4xx_HAL_Driver/Src/stm32f4xx_hal_spi.o
 .debug_frame   0x00002034      0x954 ./Drivers/STM32F4xx_HAL_Driver/Src/stm32f4xx_hal_uart.o
 .debug_frame   0x00002988       0x20 C:/Users/pc/Documents/STM32CubeIDE_1.19.0/STM32CubeIDE/plugins/com.st.stm32cube.ide.mcu.externaltools.gnu-tools-for-stm32.13.3.rel1.win32_1.0.0.202411081344/tools/bin/../lib/gcc/arm-none-eabi/13.3.1/../../../../arm-none-eabi/lib/thumb/v7e-m+fp/hard\libc_nano.a(libc_a-memset.o)
 .debug_frame   0x000029a8       0x2c C:/Users/pc/Documents/STM32CubeIDE_1.19.0/STM32CubeIDE/plugins/com.st.stm32cube.ide.mcu.externaltools.gnu-tools-for-stm32.13.3.rel1.win32_1.0.0.202411081344/tools/bin/../lib/gcc/arm-none-eabi/13.3.1/../../../../arm-none-eabi/lib/thumb/v7e-m+fp/hard\libc_nano.a(libc_a-init.o)
 .debug_frame   0x000029d4       0x2c C:/Users/pc/Documents/STM32CubeIDE_1.19.0/STM32CubeIDE/plugins/com.st.stm32cube.ide.mcu.externaltools.gnu-tools-for-stm32.13.3.rel1.win32_1.0.0.202411081344/tools/bin/../lib/gcc/arm-none-eabi/13.3.1/thumb/v7e-m+fp/hard\libgcc.a(_aeabi_uldivmod.o)
 .debug_frame   0x00002a00       0x34 C:/Users/pc/Documents/STM32CubeIDE_1.19.0/STM32CubeIDE/plugins/com.st.stm32cube.ide.mcu.externaltools.gnu-tools-for-stm32.13.3.rel1.win32_1.0.0.202411081344/tools/bin/../lib/gcc/arm-none-eabi/13.3.1/thumb/v7e-m+fp/hard\libgcc.a(_udivmoddi4.o)

.debug_line_str
                0x00000000       0x58
 .debug_line_str
                0x00000000       0x58 ./Core/Startup/startup_stm32f446retx.o
